{
    "cyclomatic_complexity": 4,
    "cognitive_complexity": 4
}
