{
    "cyclomatic_complexity": {
        "value": 5,
        "level": "moderate"
    },
    "cognitive_complexity": {
        "value": 7,
        "level": "moderate"
    },
    "complexity_level": "moderate"
}
