{
    "cyclomatic_complexity": {
        "value": 4,
        "level": "moderate"
    },
    "cognitive_complexity": {
        "value": 4,
        "level": "moderate"
    },
    "complexity_level": "moderate"
}
